  CatRender.cpp
D:\个人\Soft render\SoftRender\SoftRender\draw.h(21,10): warning C4244: “初始化”: 从“double”转换到“int”，可能丢失数据
  (编译源文件“CatRender.cpp”)
  
D:\个人\Soft render\SoftRender\SoftRender\draw.h(24,21): warning C4244: “参数”: 从“float”转换到“int”，可能丢失数据
  (编译源文件“CatRender.cpp”)
  
D:\个人\Soft render\SoftRender\SoftRender\draw.h(27,18): warning C4244: “参数”: 从“float”转换到“int”，可能丢失数据
  (编译源文件“CatRender.cpp”)
  
D:\个人\Soft render\SoftRender\SoftRender\draw.h(40,14): warning C4244: “初始化”: 从“float”转换到“int”，可能丢失数据
  (编译源文件“CatRender.cpp”)
  
D:\个人\Soft render\SoftRender\SoftRender\draw.h(41,13): warning C4244: “初始化”: 从“float”转换到“int”，可能丢失数据
  (编译源文件“CatRender.cpp”)
  
D:\个人\Soft render\SoftRender\SoftRender\CatRender.cpp(34,12): warning C4244: “初始化”: 从“double”转换到“int”，可能丢失数据
D:\个人\Soft render\SoftRender\SoftRender\CatRender.cpp(35,12): warning C4244: “初始化”: 从“double”转换到“int”，可能丢失数据
D:\个人\Soft render\SoftRender\SoftRender\CatRender.cpp(36,12): warning C4244: “初始化”: 从“double”转换到“int”，可能丢失数据
D:\个人\Soft render\SoftRender\SoftRender\CatRender.cpp(37,12): warning C4244: “初始化”: 从“double”转换到“int”，可能丢失数据
D:\个人\Soft render\SoftRender\SoftRender\CatRender.cpp(38,28): warning C4244: “参数”: 从“int”转换到“float”，可能丢失数据
D:\个人\Soft render\SoftRender\SoftRender\CatRender.cpp(38,24): warning C4244: “参数”: 从“int”转换到“float”，可能丢失数据
D:\个人\Soft render\SoftRender\SoftRender\CatRender.cpp(38,20): warning C4244: “参数”: 从“int”转换到“float”，可能丢失数据
D:\个人\Soft render\SoftRender\SoftRender\CatRender.cpp(38,16): warning C4244: “参数”: 从“int”转换到“float”，可能丢失数据
  SoftRender.vcxproj -> D:\个人\Soft render\SoftRender\x64\Debug\SoftRender.exe
